[1m[92m    Updating[0m crates.io index
[1m[92m Downloading[0m crates ...
[1m[92m  Downloaded[0m anstyle v1.0.14
[1m[92m  Downloaded[0m anstyle-query v1.1.5
[1m[92m  Downloaded[0m colorchoice v1.0.5
[1m[92m  Downloaded[0m crypto-common v0.1.7
[1m[92m  Downloaded[0m cpufeatures v0.2.17
[1m[92m  Downloaded[0m cfg-if v1.0.4
[1m[92m  Downloaded[0m rand_xorshift v0.4.0
[1m[92m  Downloaded[0m autocfg v1.5.1
[1m[92m  Downloaded[0m serde_spanned v1.1.1
[1m[92m  Downloaded[0m utf8parse v0.2.2
[1m[92m  Downloaded[0m digest v0.10.7
[1m[92m  Downloaded[0m equivalent v1.0.2
[1m[92m  Downloaded[0m heck v0.5.0
[1m[92m  Downloaded[0m unarray v0.1.4
[1m[92m  Downloaded[0m anstream v1.0.0
[1m[92m  Downloaded[0m anstyle-parse v1.0.0
[1m[92m  Downloaded[0m shlex v2.0.1
[1m[92m  Downloaded[0m clap_derive v4.6.1
[1m[92m  Downloaded[0m generic-array v0.14.7
[1m[92m  Downloaded[0m errno v0.3.14
[1m[92m  Downloaded[0m strsim v0.11.1
[1m[92m  Downloaded[0m clap_lex v1.1.0
[1m[92m  Downloaded[0m is_terminal_polyfill v1.70.2
[1m[92m  Downloaded[0m block-buffer v0.10.4
[1m[92m  Downloaded[0m itoa v1.0.18
[1m[92m  Downloaded[0m tree-sitter-language v0.1.7
[1m[92m  Downloaded[0m version_check v0.9.5
[1m[92m  Downloaded[0m find-msvc-tools v0.1.9
[1m[92m  Downloaded[0m toml_datetime v1.1.1+spec-1.1.0
[1m[92m  Downloaded[0m toml_writer v1.1.1+spec-1.1.0
[1m[92m  Downloaded[0m sha2 v0.10.9
[1m[92m  Downloaded[0m fs4 v0.13.1
[1m[92m  Downloaded[0m quote v1.0.45
[1m[92m  Downloaded[0m streaming-iterator v0.1.9
[1m[92m  Downloaded[0m rand_chacha v0.9.0
[1m[92m  Downloaded[0m zmij v1.0.21
[1m[92m  Downloaded[0m ppv-lite86 v0.2.21
[1m[92m  Downloaded[0m getrandom v0.3.4
[1m[92m  Downloaded[0m serde_core v1.0.228
[1m[92m  Downloaded[0m rand_core v0.9.5
[1m[92m  Downloaded[0m toml_parser v1.1.2+spec-1.1.0
[1m[92m  Downloaded[0m num-traits v0.2.19
[1m[92m  Downloaded[0m serde_derive v1.0.228
[1m[92m  Downloaded[0m toml v1.1.2+spec-1.1.0
[1m[92m  Downloaded[0m bitflags v2.13.0
[1m[92m  Downloaded[0m clap v4.6.1
[1m[92m  Downloaded[0m aho-corasick v1.1.4
[1m[92m  Downloaded[0m indexmap v2.14.0
[1m[92m  Downloaded[0m proc-macro2 v1.0.106
[1m[92m  Downloaded[0m serde v1.0.228
[1m[92m  Downloaded[0m unicode-ident v1.0.24
[1m[92m  Downloaded[0m cc v1.2.64
[1m[92m  Downloaded[0m rand v0.9.4
[1m[92m  Downloaded[0m typenum v1.20.1
[1m[92m  Downloaded[0m memchr v2.8.2
[1m[92m  Downloaded[0m hashbrown v0.17.1
[1m[92m  Downloaded[0m regex v1.12.4
[1m[92m  Downloaded[0m serde_json v1.0.150
[1m[92m  Downloaded[0m clap_builder v4.6.0
[1m[92m  Downloaded[0m tree-sitter v0.25.10
[1m[92m  Downloaded[0m winnow v1.0.3
[1m[92m  Downloaded[0m proptest v1.11.0
[1m[92m  Downloaded[0m zerocopy v0.8.52
[1m[92m  Downloaded[0m syn v2.0.117
[1m[92m  Downloaded[0m regex-syntax v0.8.11
[1m[92m  Downloaded[0m tree-sitter-rust v0.24.2
[1m[92m  Downloaded[0m rustix v1.1.4
[1m[92m  Downloaded[0m regex-automata v0.4.14
[1m[92m  Downloaded[0m libc v0.2.186
[1m[92m  Downloaded[0m linux-raw-sys v0.12.1
[1m[92m   Compiling[0m version_check v0.9.5
[1m[92m    Checking[0m cfg-if v1.0.4
[1m[92m    Checking[0m typenum v1.20.1
[1m[92m    Checking[0m cpufeatures v0.2.17
[1m[92m   Compiling[0m serde_core v1.0.228
[1m[92m   Compiling[0m proc-macro2 v1.0.106
[1m[92m   Compiling[0m generic-array v0.14.7
[1m[92m   Compiling[0m quote v1.0.45
[1m[92m   Compiling[0m unicode-ident v1.0.24
[1m[92m   Compiling[0m zmij v1.0.21
[1m[92m    Checking[0m winnow v1.0.3
[1m[92m    Checking[0m toml_parser v1.1.2+spec-1.1.0
[1m[92m   Compiling[0m syn v2.0.117
[1m[92m   Compiling[0m find-msvc-tools v0.1.9
[1m[92m    Checking[0m block-buffer v0.10.4
[1m[92m    Checking[0m crypto-common v0.1.7
[1m[92m    Checking[0m digest v0.10.7
[1m[92m    Checking[0m toml_writer v1.1.1+spec-1.1.0
[1m[92m    Checking[0m sha2 v0.10.9
[1m[92m    Checking[0m memchr v2.8.2
[1m[92m    Checking[0m allow-core v0.1.10 (/home/runner/work/cargo-allow/cargo-allow/crates/allow-core)
[1m[92m   Compiling[0m shlex v2.0.1
[1m[92m   Compiling[0m cc v1.2.64
[1m[92m   Compiling[0m tree-sitter-language v0.1.7
[1m[92m    Checking[0m serde_spanned v1.1.1
[1m[92m    Checking[0m toml_datetime v1.1.1+spec-1.1.0
[1m[92m    Checking[0m toml v1.1.2+spec-1.1.0
[1m[92m   Compiling[0m serde v1.0.228
[1m[92m   Compiling[0m serde_json v1.0.150
[1m[92m   Compiling[0m equivalent v1.0.2
[1m[92m    Checking[0m regex-syntax v0.8.11
[1m[92m   Compiling[0m hashbrown v0.17.1
[1m[92m   Compiling[0m indexmap v2.14.0
[1m[92m   Compiling[0m itoa v1.0.18
[1m[92m    Checking[0m aho-corasick v1.1.4
[1m[92m   Compiling[0m tree-sitter-rust v0.24.2
[1m[92m   Compiling[0m serde_derive v1.0.228
[1m[92m    Checking[0m regex-automata v0.4.14
[1m[92m    Checking[0m regex v1.12.4
[1m[92m   Compiling[0m tree-sitter v0.25.10
[1m[92m    Checking[0m streaming-iterator v0.1.9
[1m[92m    Checking[0m utf8parse v0.2.2
[1m[92m    Checking[0m bitflags v2.13.0
[1m[92m    Checking[0m anstyle-parse v1.0.0
[1m[92m   Compiling[0m rustix v1.1.4
[1m[92m    Checking[0m anstyle v1.0.14
[1m[92m    Checking[0m colorchoice v1.0.5
[1m[92m    Checking[0m anstyle-query v1.1.5
[1m[92m    Checking[0m is_terminal_polyfill v1.70.2
[1m[92m    Checking[0m allow-policy v0.1.10 (/home/runner/work/cargo-allow/cargo-allow/crates/allow-policy)
[1m[92m    Checking[0m anstream v1.0.0
[1m[92m    Checking[0m allow-files v0.1.10 (/home/runner/work/cargo-allow/cargo-allow/crates/allow-files)
[1m[33mwarning[0m[1m: direct implementation of `ToString`[0m
   [1m[94m--> [0mcrates/allow-policy/src/spec_system/compiled_graph.rs:664:1
    [1m[94m|[0m
[1m[94m664[0m [1m[94m|[0m [1m[33m/[0m impl ToString for ImplementationSliceId {
[1m[94m665[0m [1m[94m|[0m [1m[33m|[0m     fn to_string(&self) -> String {
[1m[94m666[0m [1m[94m|[0m [1m[33m|[0m         self.as_str().to_string()
[1m[94m667[0m [1m[94m|[0m [1m[33m|[0m     }
[1m[94m668[0m [1m[94m|[0m [1m[33m|[0m }
    [1m[94m|[0m [1m[33m|_^[0m
    [1m[94m|[0m
    [1m[94m= [0m[1mhelp[0m: prefer implementing `Display` instead
    [1m[94m= [0m[1mhelp[0m: for further information visit https://rust-lang.github.io/rust-clippy/rust-1.97.0/index.html#to_string_trait_impl
    [1m[94m= [0m[1mnote[0m: `-D clippy::to-string-trait-impl` implied by `-D warnings`
    [1m[94m= [0m[1mhelp[0m: to override `-D warnings` add `#[allow(clippy::to_string_trait_impl)]`
    [1m[94m= [0m[1mnote[0m: the `clippy::to_string_trait_impl` lint ignores `-D warnings`

[1m[33mwarning[0m[1m: direct implementation of `ToString`[0m
   [1m[94m--> [0mcrates/allow-policy/src/spec_system/compiled_graph.rs:670:1
    [1m[94m|[0m
[1m[94m670[0m [1m[94m|[0m [1m[33m/[0m impl ToString for RequirementId {
[1m[94m671[0m [1m[94m|[0m [1m[33m|[0m     fn to_string(&self) -> String {
[1m[94m672[0m [1m[94m|[0m [1m[33m|[0m         self.as_str().to_string()
[1m[94m673[0m [1m[94m|[0m [1m[33m|[0m     }
[1m[94m674[0m [1m[94m|[0m [1m[33m|[0m }
    [1m[94m|[0m [1m[33m|_^[0m
    [1m[94m|[0m
    [1m[94m= [0m[1mhelp[0m: prefer implementing `Display` instead
    [1m[94m= [0m[1mhelp[0m: for further information visit https://rust-lang.github.io/rust-clippy/rust-1.97.0/index.html#to_string_trait_impl

[1m[33mwarning[0m[1m: direct implementation of `ToString`[0m
   [1m[94m--> [0mcrates/allow-policy/src/spec_system/compiled_graph.rs:676:1
    [1m[94m|[0m
[1m[94m676[0m [1m[94m|[0m [1m[33m/[0m impl ToString for ImplementationSeamId {
[1m[94m677[0m [1m[94m|[0m [1m[33m|[0m     fn to_string(&self) -> String {
[1m[94m678[0m [1m[94m|[0m [1m[33m|[0m         self.as_str().to_string()
[1m[94m679[0m [1m[94m|[0m [1m[33m|[0m     }
[1m[94m680[0m [1m[94m|[0m [1m[33m|[0m }
    [1m[94m|[0m [1m[33m|_^[0m
    [1m[94m|[0m
    [1m[94m= [0m[1mhelp[0m: prefer implementing `Display` instead
    [1m[94m= [0m[1mhelp[0m: for further information visit https://rust-lang.github.io/rust-clippy/rust-1.97.0/index.html#to_string_trait_impl

[1m[33mwarning[0m[1m: direct implementation of `ToString`[0m
   [1m[94m--> [0mcrates/allow-policy/src/spec_system/compiled_graph.rs:682:1
    [1m[94m|[0m
[1m[94m682[0m [1m[94m|[0m [1m[33m/[0m impl ToString for EvidenceClaimId {
[1m[94m683[0m [1m[94m|[0m [1m[33m|[0m     fn to_string(&self) -> String {
[1m[94m684[0m [1m[94m|[0m [1m[33m|[0m         self.as_str().to_string()
[1m[94m685[0m [1m[94m|[0m [1m[33m|[0m     }
[1m[94m686[0m [1m[94m|[0m [1m[33m|[0m }
    [1m[94m|[0m [1m[33m|_^[0m
    [1m[94m|[0m
    [1m[94m= [0m[1mhelp[0m: prefer implementing `Display` instead
    [1m[94m= [0m[1mhelp[0m: for further information visit https://rust-lang.github.io/rust-clippy/rust-1.97.0/index.html#to_string_trait_impl

[1m[33mwarning[0m[1m: direct implementation of `ToString`[0m
   [1m[94m--> [0mcrates/allow-policy/src/spec_system/compiled_graph.rs:688:1
    [1m[94m|[0m
[1m[94m688[0m [1m[94m|[0m [1m[33m/[0m impl ToString for RustTestSubjectId {
[1m[94m689[0m [1m[94m|[0m [1m[33m|[0m     fn to_string(&self) -> String {
[1m[94m690[0m [1m[94m|[0m [1m[33m|[0m         self.as_str().to_string()
[1m[94m691[0m [1m[94m|[0m [1m[33m|[0m     }
[1m[94m692[0m [1m[94m|[0m [1m[33m|[0m }
    [1m[94m|[0m [1m[33m|_^[0m
    [1m[94m|[0m
    [1m[94m= [0m[1mhelp[0m: prefer implementing `Display` instead
    [1m[94m= [0m[1mhelp[0m: for further information visit https://rust-lang.github.io/rust-clippy/rust-1.97.0/index.html#to_string_trait_impl

[1m[33mwarning[0m[1m: direct implementation of `ToString`[0m
   [1m[94m--> [0mcrates/allow-policy/src/spec_system/compiled_graph.rs:694:1
    [1m[94m|[0m
[1m[94m694[0m [1m[94m|[0m [1m[33m/[0m impl ToString for ProofCommandId {
[1m[94m695[0m [1m[94m|[0m [1m[33m|[0m     fn to_string(&self) -> String {
[1m[94m696[0m [1m[94m|[0m [1m[33m|[0m         self.as_str().to_string()
[1m[94m697[0m [1m[94m|[0m [1m[33m|[0m     }
[1m[94m698[0m [1m[94m|[0m [1m[33m|[0m }
    [1m[94m|[0m [1m[33m|_^[0m
    [1m[94m|[0m
    [1m[94m= [0m[1mhelp[0m: prefer implementing `Display` instead
    [1m[94m= [0m[1mhelp[0m: for further information visit https://rust-lang.github.io/rust-clippy/rust-1.97.0/index.html#to_string_trait_impl

[1m[33mwarning[0m: `allow-policy` (lib) generated 6 warnings
[1m[92m    Checking[0m allow-policy-legacy v0.1.10 (/home/runner/work/cargo-allow/cargo-allow/crates/allow-policy-legacy)
[1m[92m    Checking[0m linux-raw-sys v0.12.1
[1m[92m    Checking[0m strsim v0.11.1
[1m[92m   Compiling[0m heck v0.5.0
[1m[92m    Checking[0m clap_lex v1.1.0
[1m[92m    Checking[0m clap_builder v4.6.0
[1m[92m   Compiling[0m clap_derive v4.6.1
[1m[92m    Checking[0m allow-match v0.1.10 (/home/runner/work/cargo-allow/cargo-allow/crates/allow-match)
[1m[92m    Checking[0m clap v4.6.1
[1m[92m    Checking[0m allow-report v0.1.10 (/home/runner/work/cargo-allow/cargo-allow/crates/allow-report)
[1m[92m    Checking[0m fs4 v0.13.1
[1m[92m    Checking[0m allow-inventory v0.1.10 (/home/runner/work/cargo-allow/cargo-allow/crates/allow-inventory)
[1m[92m   Compiling[0m libc v0.2.186
[1m[92m   Compiling[0m getrandom v0.3.4
[1m[92m   Compiling[0m zerocopy v0.8.52
[1m[92m   Compiling[0m autocfg v1.5.1
[1m[92m   Compiling[0m num-traits v0.2.19
[1m[92m    Checking[0m rand_core v0.9.5
[1m[92m    Checking[0m rand v0.9.4
[1m[92m    Checking[0m rand_xorshift v0.4.0
[1m[92m    Checking[0m unarray v0.1.4
[1m[92m    Checking[0m ppv-lite86 v0.2.21
[1m[92m    Checking[0m rand_chacha v0.9.0
[1m[92m    Checking[0m proptest v1.11.0
[1m[92m    Checking[0m allow-rust v0.1.10 (/home/runner/work/cargo-allow/cargo-allow/crates/allow-rust)
[1m[33mwarning[0m: `allow-policy` (lib test) generated 6 warnings (6 duplicates)
[1m[92m    Checking[0m allow-diff v0.1.10 (/home/runner/work/cargo-allow/cargo-allow/crates/allow-diff)
[1m[92m    Checking[0m cargo-allow v0.1.10 (/home/runner/work/cargo-allow/cargo-allow/crates/cargo-allow)
[1m[92m    Finished[0m `dev` profile [unoptimized + debuginfo] target(s) in 35.95s
