[1m[92m    Updating[0m crates.io index
[1m[92m Downloading[0m crates ...
[1m[92m  Downloaded[0m cfg-if v1.0.4
[1m[92m  Downloaded[0m find-msvc-tools v0.1.9
[1m[92m  Downloaded[0m digest v0.10.7
[1m[92m  Downloaded[0m itoa v1.0.18
[1m[92m  Downloaded[0m serde_core v1.0.228
[1m[92m  Downloaded[0m winnow v1.0.3
[1m[92m  Downloaded[0m toml v1.1.2+spec-1.1.0
[1m[92m  Downloaded[0m streaming-iterator v0.1.9
[1m[92m  Downloaded[0m crypto-common v0.1.7
[1m[92m  Downloaded[0m equivalent v1.0.2
[1m[92m  Downloaded[0m sha2 v0.10.9
[1m[92m  Downloaded[0m toml_writer v1.1.1+spec-1.1.0
[1m[92m  Downloaded[0m version_check v0.9.5
[1m[92m  Downloaded[0m generic-array v0.14.7
[1m[92m  Downloaded[0m block-buffer v0.10.4
[1m[92m  Downloaded[0m cc v1.2.64
[1m[92m  Downloaded[0m shlex v2.0.1
[1m[92m  Downloaded[0m toml_datetime v1.1.1+spec-1.1.0
[1m[92m  Downloaded[0m tree-sitter-rust v0.24.2
[1m[92m  Downloaded[0m memchr v2.8.2
[1m[92m  Downloaded[0m typenum v1.20.1
[1m[92m  Downloaded[0m aho-corasick v1.1.4
[1m[92m  Downloaded[0m indexmap v2.14.0
[1m[92m  Downloaded[0m tree-sitter v0.25.10
[1m[92m  Downloaded[0m regex-syntax v0.8.11
[1m[92m  Downloaded[0m regex-automata v0.4.14
[1m[92m  Downloaded[0m serde_spanned v1.1.1
[1m[92m  Downloaded[0m tree-sitter-language v0.1.7
[1m[92m  Downloaded[0m cpufeatures v0.2.17
[1m[92m  Downloaded[0m toml_parser v1.1.2+spec-1.1.0
[1m[92m  Downloaded[0m zmij v1.0.21
[1m[92m  Downloaded[0m serde_json v1.0.150
[1m[92m  Downloaded[0m hashbrown v0.17.1
[1m[92m  Downloaded[0m regex v1.12.4
[1m[92m   Compiling[0m version_check v0.9.5
[1m[92m   Compiling[0m shlex v2.0.1
[1m[92m   Compiling[0m find-msvc-tools v0.1.9
[1m[92m    Checking[0m typenum v1.20.1
[1m[92m   Compiling[0m serde_core v1.0.228
[1m[92m   Compiling[0m cc v1.2.64
[1m[92m   Compiling[0m zmij v1.0.21
[1m[92m   Compiling[0m generic-array v0.14.7
[1m[92m   Compiling[0m tree-sitter-language v0.1.7
[1m[92m   Compiling[0m hashbrown v0.17.1
[1m[92m   Compiling[0m equivalent v1.0.2
[1m[92m   Compiling[0m serde_json v1.0.150
[1m[92m   Compiling[0m itoa v1.0.18
[1m[92m    Checking[0m memchr v2.8.2
[1m[92m   Compiling[0m indexmap v2.14.0
[1m[92m    Checking[0m aho-corasick v1.1.4
[1m[92m    Checking[0m block-buffer v0.10.4
[1m[92m    Checking[0m crypto-common v0.1.7
[1m[92m    Checking[0m regex-syntax v0.8.11
[1m[92m    Checking[0m digest v0.10.7
[1m[92m   Compiling[0m tree-sitter-rust v0.24.2
[1m[92m    Checking[0m cpufeatures v0.2.17
[1m[92m    Checking[0m cfg-if v1.0.4
[1m[92m    Checking[0m winnow v1.0.3
[1m[92m    Checking[0m toml_parser v1.1.2+spec-1.1.0
[1m[92m    Checking[0m regex-automata v0.4.14
[1m[92m    Checking[0m sha2 v0.10.9
[1m[92m   Compiling[0m tree-sitter v0.25.10
[1m[92m    Checking[0m serde_spanned v1.1.1
[1m[92m    Checking[0m toml_datetime v1.1.1+spec-1.1.0
[1m[92m    Checking[0m streaming-iterator v0.1.9
[1m[92m    Checking[0m toml_writer v1.1.1+spec-1.1.0
[1m[92m    Checking[0m toml v1.1.2+spec-1.1.0
[1m[92m    Checking[0m regex v1.12.4
[1m[92m    Checking[0m allow-core v0.1.10 (/home/runner/work/cargo-allow/cargo-allow/crates/allow-core)
[1m[92m    Checking[0m allow-rust v0.1.10 (/home/runner/work/cargo-allow/cargo-allow/crates/allow-rust)
[1m[91merror[0m[1m: unused import: `BTreeMap`[0m
 [1m[94m--> [0mcrates/allow-rust/src/test_subjects.rs:4:24
  [1m[94m|[0m
[1m[94m4[0m [1m[94m|[0m use std::collections::{BTreeMap, BTreeSet};
  [1m[94m|[0m                        [1m[91m^^^^^^^^[0m
  [1m[94m|[0m
  [1m[94m= [0m[1mnote[0m: `-D unused-imports` implied by `-D warnings`
  [1m[94m= [0m[1mhelp[0m: to override `-D warnings` add `#[allow(unused_imports)]`

[1m[91merror[0m[1m: unused import: `BTreeMap`[0m
  [1m[94m--> [0mcrates/allow-rust/src/test_subjects.rs:4:24
   [1m[94m|[0m
[1m[94m 4[0m [1m[94m|[0m use std::collections::{BTreeMap, BTreeSet};
   [1m[94m|[0m                        [1m[91m^^^^^^^^[0m
   [1m[94m|[0m
[1m[96mhelp[0m: if this is a test module, consider adding a `#[cfg(test)]` to the containing module
  [1m[94m--> [0mcrates/allow-rust/src/lib.rs:25:1
   [1m[94m|[0m
[1m[94m25[0m [1m[94m|[0m mod test_subjects;
   [1m[94m|[0m [1m[96m^^^^^^^^^^^^^^^^^^[0m
   [1m[94m= [0m[1mnote[0m: `-D unused-imports` implied by `-D warnings`
   [1m[94m= [0m[1mhelp[0m: to override `-D warnings` add `#[allow(unused_imports)]`

[1m[91merror[0m[1m: this `impl` can be derived[0m
   [1m[94m--> [0mcrates/allow-rust/src/test_subjects.rs:121:1
    [1m[94m|[0m
[1m[94m121[0m [1m[94m|[0m [1m[91m/[0m impl Default for RustTestInventoryOptions {
[1m[94m122[0m [1m[94m|[0m [1m[91m|[0m     fn default() -> Self {
[1m[94m123[0m [1m[94m|[0m [1m[91m|[0m         Self {
[1m[94m124[0m [1m[94m|[0m [1m[91m|[0m             additional_test_attributes: BTreeSet::new(),
[1m[94m...[0m   [1m[91m|[0m
[1m[94m127[0m [1m[94m|[0m [1m[91m|[0m }
    [1m[94m|[0m [1m[91m|_^[0m
    [1m[94m|[0m
    [1m[94m= [0m[1mhelp[0m: for further information visit https://rust-lang.github.io/rust-clippy/rust-1.97.0/index.html#derivable_impls
    [1m[94m= [0m[1mnote[0m: `-D clippy::derivable-impls` implied by `-D warnings`
    [1m[94m= [0m[1mhelp[0m: to override `-D warnings` add `#[allow(clippy::derivable_impls)]`
[1m[96mhelp[0m: replace the manual implementation with a derive attribute
    [1m[94m|[0m
[1m[94m117[0m [92m+ #[derive(Default)][0m
[1m[94m118[0m [1m[94m|[0m pub struct RustTestInventoryOptions {
    [1m[94m|[0m

[1m[91merror[0m: could not compile `allow-rust` (lib) due to 2 previous errors
[1m[33mwarning[0m: build failed, waiting for other jobs to finish...
[1m[91merror[0m: could not compile `allow-rust` (lib test) due to 2 previous errors
